Copyright 1986-2022 Xilinx, Inc. All Rights Reserved. Copyright 2022-2023 Advanced Micro Devices, Inc. All Rights Reserved.
-------------------------------------------------------------------------------------------------------------------------------------------------
| Tool Version     : Vivado v.2023.2 (win64) Build 4029153 Fri Oct 13 20:14:34 MDT 2023
| Date             : Sun Jun 16 13:00:40 2024
| Host             : LAPTOP-IJHTN70K running 64-bit major release  (build 9200)
| Command          : report_power -file top_power_routed.rpt -pb top_power_summary_routed.pb -rpx top_power_routed.rpx
| Design           : top
| Device           : xc7k160tffg676-2L
| Design State     : routed
| Grade            : extended
| Process          : typical
| Characterization : Production
-------------------------------------------------------------------------------------------------------------------------------------------------

Power Report

Table of Contents
-----------------
1. Summary
1.1 On-Chip Components
1.2 Power Supply Summary
1.3 Confidence Level
2. Settings
2.1 Environment
2.2 Clock Constraints
3. Detailed Reports
3.1 By Hierarchy

1. Summary
----------

+--------------------------+----------------------------------+
| Total On-Chip Power (W)  | 69.086 (Junction temp exceeded!) |
| Design Power Budget (W)  | Unspecified*                     |
| Power Budget Margin (W)  | NA                               |
| Dynamic (W)              | 67.004                           |
| Device Static (W)        | 2.082                            |
| Effective TJA (C/W)      | 1.9                              |
| Max Ambient (C)          | 0.0                              |
| Junction Temperature (C) | 125.0                            |
| Confidence Level         | Low                              |
| Setting File             | ---                              |
| Simulation Activity File | ---                              |
| Design Nets Matched      | NA                               |
+--------------------------+----------------------------------+
* Specify Design Power Budget using, set_operating_conditions -design_power_budget <value in Watts>


1.1 On-Chip Components
----------------------

+----------------+-----------+----------+-----------+-----------------+
| On-Chip        | Power (W) | Used     | Available | Utilization (%) |
+----------------+-----------+----------+-----------+-----------------+
| Slice Logic    |    27.508 |     3298 |       --- |             --- |
|   LUT as Logic |    25.611 |     2128 |    101400 |            2.10 |
|   CARRY4       |     1.753 |      341 |     25350 |            1.35 |
|   Register     |     0.073 |      277 |    202800 |            0.14 |
|   F7/F8 Muxes  |     0.040 |       23 |    101400 |            0.02 |
|   BUFG         |     0.031 |        4 |        32 |           12.50 |
|   Others       |     0.000 |      134 |       --- |             --- |
| Signals        |    25.916 |     3296 |       --- |             --- |
| Block RAM      |     1.900 |       41 |       325 |           12.62 |
| DSPs           |     6.119 |       16 |       600 |            2.67 |
| I/O            |     5.560 |       24 |       400 |            6.00 |
| Static Power   |     2.082 |          |           |                 |
| Total          |    69.086 |          |           |                 |
+----------------+-----------+----------+-----------+-----------------+


1.2 Power Supply Summary
------------------------

+-----------+-------------+-----------+-------------+------------+-------------+-------------+------------+
| Source    | Voltage (V) | Total (A) | Dynamic (A) | Static (A) | Powerup (A) | Budget (A)  | Margin (A) |
+-----------+-------------+-----------+-------------+------------+-------------+-------------+------------+
| Vccint    |       1.000 |    63.063 |      61.291 |      1.772 |       NA    | Unspecified | NA         |
| Vccaux    |       1.800 |     0.311 |       0.203 |      0.108 |       NA    | Unspecified | NA         |
| Vcco33    |       3.300 |     1.571 |       1.570 |      0.001 |       NA    | Unspecified | NA         |
| Vcco25    |       2.500 |     0.000 |       0.000 |      0.000 |       NA    | Unspecified | NA         |
| Vcco18    |       1.800 |     0.003 |       0.002 |      0.001 |       NA    | Unspecified | NA         |
| Vcco15    |       1.500 |     0.000 |       0.000 |      0.000 |       NA    | Unspecified | NA         |
| Vcco135   |       1.350 |     0.000 |       0.000 |      0.000 |       NA    | Unspecified | NA         |
| Vcco12    |       1.200 |     0.000 |       0.000 |      0.000 |       NA    | Unspecified | NA         |
| Vccaux_io |       1.800 |     0.000 |       0.000 |      0.000 |       NA    | Unspecified | NA         |
| Vccbram   |       1.000 |     0.238 |       0.164 |      0.074 |       NA    | Unspecified | NA         |
| MGTAVcc   |       1.000 |     0.000 |       0.000 |      0.000 |       NA    | Unspecified | NA         |
| MGTAVtt   |       1.200 |     0.000 |       0.000 |      0.000 |       NA    | Unspecified | NA         |
| MGTVccaux |       1.800 |     0.000 |       0.000 |      0.000 |       NA    | Unspecified | NA         |
| Vccadc    |       1.800 |     0.020 |       0.000 |      0.020 |       NA    | Unspecified | NA         |
+-----------+-------------+-----------+-------------+------------+-------------+-------------+------------+


1.3 Confidence Level
--------------------

+-----------------------------+------------+--------------------------------------------------------+--------------------------------------------------------------------------------------------------------------------+
| User Input Data             | Confidence | Details                                                | Action                                                                                                             |
+-----------------------------+------------+--------------------------------------------------------+--------------------------------------------------------------------------------------------------------------------+
| Design implementation state | High       | Design is routed                                       |                                                                                                                    |
| Clock nodes activity        | Low        | User specified less than 75% of clocks                 | Provide missing clock activity with a constraint file, simulation results or by editing the "By Clock Domain" view |
| I/O nodes activity          | Low        | More than 75% of inputs are missing user specification | Provide missing input activity with simulation results or by editing the "By Resource Type -> I/Os" view           |
| Internal nodes activity     | Medium     | User specified less than 25% of internal nodes         | Provide missing internal nodes activity with simulation results or by editing the "By Resource Type" views         |
| Device models               | High       | Device models are Production                           |                                                                                                                    |
|                             |            |                                                        |                                                                                                                    |
| Overall confidence level    | Low        |                                                        |                                                                                                                    |
+-----------------------------+------------+--------------------------------------------------------+--------------------------------------------------------------------------------------------------------------------+


2. Settings
-----------

2.1 Environment
---------------

+-----------------------+--------------------------+
| Ambient Temp (C)      | 25.0                     |
| ThetaJA (C/W)         | 1.9                      |
| Airflow (LFM)         | 250                      |
| Heat Sink             | medium (Medium Profile)  |
| ThetaSA (C/W)         | 3.4                      |
| Board Selection       | medium (10"x10")         |
| # of Board Layers     | 12to15 (12 to 15 Layers) |
| Board Temperature (C) | 25.0                     |
+-----------------------+--------------------------+


2.2 Clock Constraints
---------------------

+-------+--------+-----------------+
| Clock | Domain | Constraint (ns) |
+-------+--------+-----------------+


3. Detailed Reports
-------------------

3.1 By Hierarchy
----------------

+--------------------+-----------+
| Name               | Power (W) |
+--------------------+-----------+
| top                |    67.004 |
|   in0              |     0.090 |
|   m0               |    47.138 |
|     ballbounce0    |     0.137 |
|     flocation0     |     9.715 |
|     map0           |     0.005 |
|     update_xy0     |    37.281 |
|       Counter      |    32.515 |
|       m1           |     0.075 |
|   m1               |     0.071 |
|   out1             |     4.395 |
|     M2             |     4.391 |
|     SM1            |     0.003 |
|       HTS6         |     0.002 |
|       HTS7         |     0.002 |
|   vga_display0     |    13.796 |
|     c0             |     0.099 |
|     flocation0     |     0.134 |
|     m0             |     1.716 |
|     map0           |     0.015 |
|     rom0           |     0.359 |
|       U0           |     0.359 |
|     rom1           |     0.634 |
|       U0           |     0.634 |
|     rom_ball62     |     0.395 |
|       U0           |     0.395 |
|     rom_ball80     |     0.463 |
|       U0           |     0.463 |
|     rom_ball86     |     0.490 |
|       U0           |     0.490 |
|     rom_ball90     |     0.468 |
|       U0           |     0.468 |
|     rom_ball92     |     0.552 |
|       U0           |     0.552 |
|     rom_output_vic |     0.861 |
|       U0           |     0.861 |
+--------------------+-----------+


