#-----------------------------------------------------------
# Vivado v2023.2 (64-bit)
# SW Build 4029153 on Fri Oct 13 20:14:34 MDT 2023
# IP Build 4028589 on Sat Oct 14 00:45:43 MDT 2023
# SharedData Build 4025554 on Tue Oct 10 17:18:54 MDT 2023
# Start of session at: Sat Jun 15 15:31:15 2024
# Process ID: 35228
# Current directory: C:/Users/13684/Desktop/1year2/logicDesign/BigAssignment/DataDesign_FinalProject/Project/Rolling_ball/Rolling_ball.runs/impl_1
# Command line: vivado.exe -log top.vdi -applog -product Vivado -messageDb vivado.pb -mode batch -source top.tcl -notrace
# Log file: C:/Users/13684/Desktop/1year2/logicDesign/BigAssignment/DataDesign_FinalProject/Project/Rolling_ball/Rolling_ball.runs/impl_1/top.vdi
# Journal file: C:/Users/13684/Desktop/1year2/logicDesign/BigAssignment/DataDesign_FinalProject/Project/Rolling_ball/Rolling_ball.runs/impl_1\vivado.jou
# Running On: beastern, OS: Windows, CPU Frequency: 2419 MHz, CPU Physical cores: 24, Host memory: 16978 MB
#-----------------------------------------------------------
source top.tcl -notrace
